// Jest Snapshot v1, https://goo.gl/fbAQLP

exports[`Transaction renders correctly 1`] = `
<styled.div>
  <styled.div
    crest="#fe2651"
  >
    <span>
      K
    </span>
    <div>
      <p>
        Entertainment
      </p>
      <p>
        Kidz Bop
      </p>
    </div>
  </styled.div>
  <p>
    123
    <sup>
       
      USD
    </sup>
  </p>
</styled.div>
`;
